
WARNING: You are welcome to use the default MSA server, however keep in mind that it's a
limited shared resource only capable of processing a few thousand MSAs per day. Please
submit jobs only from a single IP address. We reserve the right to limit access to the
server case-by-case when usage exceeds fair use. If you require more MSAs: You can 
precompute all MSAs with `colabfold_search` or host your own API and pass it to `--host-url`

  0%|          | 0/150 [elapsed: 00:00 remaining: ?]SUBMIT:   0%|          | 0/150 [elapsed: 00:00 remaining: ?]2026-09-24 12:03:51,923 Running colabfold 1.5.5
2026-09-24 12:03:51,956 Unable to initialize backend 'cuda': FAILED_PRECONDITION: No visible GPU devices.
2026-09-24 12:03:51,956 Unable to initialize backend 'rocm': NOT_FOUND: Could not find registered platform with name: "rocm". Available platform names are: Interpreter CUDA
2026-09-24 12:03:51,956 Unable to initialize backend 'tpu': module 'jaxlib.xla_extension' has no attribute 'get_tpu_client'
2026-09-24 12:03:51,959 WARNING: no GPU detected, will be using CPU
2026-09-24 12:03:52,336 generated new fontManager
2026-09-24 12:03:54,606 Found 5 citations for tools or databases
2026-09-24 12:03:54,607 Query 1/1: sp_P0DP23_CALM1_HUMAN_Calmodulin-1_OS_Homo_sapiens_OX_9606_GN_CALM1_PE_1_SV_1 (length 149)
COMPLETE:   0%|          | 0/150 [elapsed: 00:01 remaining: ?]COMPLETE: 100%|██████████| 150/150 [elapsed: 00:01 remaining: 00:00]COMPLETE: 100%|██████████| 150/150 [elapsed: 00:05 remaining: 00:00]
2026-09-24 12:04:09.212311: W tensorflow/tsl/framework/cpu_allocator_impl.cc:83] Allocation of 286943008 exceeds 10% of free system memory.
2026-09-24 12:04:09.215221: W tensorflow/tsl/framework/cpu_allocator_impl.cc:83] Allocation of 292967376 exceeds 10% of free system memory.
2026-09-24 12:04:09.407015: W tensorflow/tsl/framework/cpu_allocator_impl.cc:83] Allocation of 43769856 exceeds 10% of free system memory.
2026-09-24 12:04:09.675435: W tensorflow/tsl/framework/cpu_allocator_impl.cc:83] Allocation of 292967376 exceeds 10% of free system memory.
2026-09-24 12:04:09.752855: W tensorflow/tsl/framework/cpu_allocator_impl.cc:83] Allocation of 43769856 exceeds 10% of free system memory.
2026-09-24 12:04:01,568 Setting max_seq=512, max_extra_seq=5120
2026-09-24 12:11:59,636 alphafold2_ptm_model_1_seed_000 recycle=0 pLDDT=75.3 pTM=0.452
2026-09-24 12:17:27,724 alphafold2_ptm_model_1_seed_000 recycle=1 pLDDT=79.3 pTM=0.455 tol=2.49
2026-09-24 12:23:21,528 alphafold2_ptm_model_1_seed_000 recycle=2 pLDDT=79.7 pTM=0.458 tol=0.336
2026-09-24 12:29:03,114 alphafold2_ptm_model_1_seed_000 recycle=3 pLDDT=79.3 pTM=0.458 tol=0.276
2026-09-24 12:29:03,114 alphafold2_ptm_model_1_seed_000 took 1492.5s (3 recycles)
2026-09-24 12:34:50,310 alphafold2_ptm_model_2_seed_000 recycle=0 pLDDT=76.6 pTM=0.442
2026-09-24 12:40:37,411 alphafold2_ptm_model_2_seed_000 recycle=1 pLDDT=77.9 pTM=0.451 tol=0.994
2026-09-24 12:46:11,116 alphafold2_ptm_model_2_seed_000 recycle=2 pLDDT=78.2 pTM=0.45 tol=0.541
2026-09-24 12:52:11,643 alphafold2_ptm_model_2_seed_000 recycle=3 pLDDT=78.6 pTM=0.461 tol=0.332
2026-09-24 12:52:11,645 alphafold2_ptm_model_2_seed_000 took 1388.5s (3 recycles)
2026-09-24 12:58:17,783 alphafold2_ptm_model_3_seed_000 recycle=0 pLDDT=79.7 pTM=0.468
2026-09-24 13:04:09,331 alphafold2_ptm_model_3_seed_000 recycle=1 pLDDT=79.8 pTM=0.469 tol=1.69
2026-09-24 13:09:45,386 alphafold2_ptm_model_3_seed_000 recycle=2 pLDDT=80.4 pTM=0.468 tol=0.776
2026-09-24 13:15:28,384 alphafold2_ptm_model_3_seed_000 recycle=3 pLDDT=80.1 pTM=0.466 tol=0.729
2026-09-24 13:15:28,384 alphafold2_ptm_model_3_seed_000 took 1396.7s (3 recycles)
2026-09-24 13:21:11,191 alphafold2_ptm_model_4_seed_000 recycle=0 pLDDT=82.9 pTM=0.488
2026-09-24 13:26:47,538 alphafold2_ptm_model_4_seed_000 recycle=1 pLDDT=84 pTM=0.497 tol=0.662
2026-09-24 13:32:23,670 alphafold2_ptm_model_4_seed_000 recycle=2 pLDDT=83.6 pTM=0.487 tol=0.188
2026-09-24 13:38:18,662 alphafold2_ptm_model_4_seed_000 recycle=3 pLDDT=82.8 pTM=0.487 tol=0.366
2026-09-24 13:38:18,663 alphafold2_ptm_model_4_seed_000 took 1370.3s (3 recycles)
2026-09-24 13:44:02,449 alphafold2_ptm_model_5_seed_000 recycle=0 pLDDT=81 pTM=0.484
2026-09-24 13:49:45,666 alphafold2_ptm_model_5_seed_000 recycle=1 pLDDT=82 pTM=0.489 tol=0.716
2026-09-24 13:55:30,550 alphafold2_ptm_model_5_seed_000 recycle=2 pLDDT=82.2 pTM=0.484 tol=0.267
2026-09-24 14:01:15,588 alphafold2_ptm_model_5_seed_000 recycle=3 pLDDT=81.7 pTM=0.484 tol=0.483
2026-09-24 14:01:15,588 alphafold2_ptm_model_5_seed_000 took 1376.9s (3 recycles)
2026-09-24 14:01:15,613 reranking models by 'plddt' metric
2026-09-24 14:01:15,614 rank_001_alphafold2_ptm_model_4_seed_000 pLDDT=82.8 pTM=0.487
2026-09-24 14:01:15,614 rank_002_alphafold2_ptm_model_5_seed_000 pLDDT=81.7 pTM=0.484
2026-09-24 14:01:15,614 rank_003_alphafold2_ptm_model_3_seed_000 pLDDT=80.1 pTM=0.466
2026-09-24 14:01:15,614 rank_004_alphafold2_ptm_model_1_seed_000 pLDDT=79.3 pTM=0.458
2026-09-24 14:01:15,615 rank_005_alphafold2_ptm_model_2_seed_000 pLDDT=78.6 pTM=0.461
2026-09-24 14:01:16,481 Done

real	117m27.588s
user	0m0.242s
sys	0m0.096s
